// Jest Snapshot v1, https://goo.gl/fbAQLP

exports[`icon Icon and internal link on same line: toMatchSnapshotWhenParsing 1`] = `
Array [
  Object {
    "indent": 0,
    "nodes": Array [
      Object {
        "content": "",
        "href": "Internal link",
        "pathType": "relative",
        "type": "link",
      },
      Object {
        "path": "me",
        "pathType": "relative",
        "type": "icon",
      },
    ],
    "type": "line",
  },
]
`;

exports[`icon Icon in decoration: toMatchSnapshotWhenParsing 1`] = `
Array [
  Object {
    "indent": 0,
    "nodes": Array [
      Object {
        "decos": Array [
          "*-2",
        ],
        "nodes": Array [
          Object {
            "content": "",
            "href": "me.icon",
            "pathType": "relative",
            "type": "link",
          },
        ],
        "type": "decoration",
      },
    ],
    "type": "line",
  },
]
`;

exports[`icon Multiple icons: toMatchSnapshotWhenParsing 1`] = `
Array [
  Object {
    "indent": 0,
    "nodes": Array [
      Object {
        "path": "me",
        "pathType": "relative",
        "type": "icon",
      },
      Object {
        "path": "me",
        "pathType": "relative",
        "type": "icon",
      },
      Object {
        "path": "me",
        "pathType": "relative",
        "type": "icon",
      },
    ],
    "type": "line",
  },
]
`;

exports[`icon Simple relative icon: toMatchSnapshotWhenParsing 1`] = `
Array [
  Object {
    "indent": 0,
    "nodes": Array [
      Object {
        "path": "me",
        "pathType": "relative",
        "type": "icon",
      },
    ],
    "type": "line",
  },
]
`;

exports[`icon Simple root icon: toMatchSnapshotWhenParsing 1`] = `
Array [
  Object {
    "indent": 0,
    "nodes": Array [
      Object {
        "path": "/icons/+1",
        "pathType": "root",
        "type": "icon",
      },
    ],
    "type": "line",
  },
]
`;
